// Jest Snapshot v1, https://goo.gl/fbAQLP

exports[`QuestionSummary will match snapshot 1`] = `
Object {
  "asFragment": [Function],
  "baseElement": <body>
    <div>
      <div
        class="question-container-undefined"
      >
        <div
          class="ant-divider css-dev-only-do-not-override-acm2ia ant-divider-horizontal ant-divider-with-text ant-divider-with-text-center"
          role="separator"
        >
          <span
            class="ant-divider-inner-text"
          >
            <h4 />
          </span>
        </div>
        <span
          class="date-display"
        >
          <i>
            Invalid Date
          </i>
           | 
          <b>
            Invalid Date
          </b>
        </span>
        <button
          class="ant-btn css-dev-only-do-not-override-acm2ia ant-btn-primary ant-btn-sm button-display"
          type="button"
        >
          <span>
            Display poll
          </span>
        </button>
        <button
          class="ant-btn css-dev-only-do-not-override-acm2ia ant-btn-primary ant-btn-sm button-display"
          type="button"
        >
          <span>
            Question Details
          </span>
        </button>
      </div>
    </div>
  </body>,
  "container": <div>
    <div
      class="question-container-undefined"
    >
      <div
        class="ant-divider css-dev-only-do-not-override-acm2ia ant-divider-horizontal ant-divider-with-text ant-divider-with-text-center"
        role="separator"
      >
        <span
          class="ant-divider-inner-text"
        >
          <h4 />
        </span>
      </div>
      <span
        class="date-display"
      >
        <i>
          Invalid Date
        </i>
         | 
        <b>
          Invalid Date
        </b>
      </span>
      <button
        class="ant-btn css-dev-only-do-not-override-acm2ia ant-btn-primary ant-btn-sm button-display"
        type="button"
      >
        <span>
          Display poll
        </span>
      </button>
      <button
        class="ant-btn css-dev-only-do-not-override-acm2ia ant-btn-primary ant-btn-sm button-display"
        type="button"
      >
        <span>
          Question Details
        </span>
      </button>
    </div>
  </div>,
  "debug": [Function],
  "findAllByAltText": [Function],
  "findAllByDisplayValue": [Function],
  "findAllByLabelText": [Function],
  "findAllByPlaceholderText": [Function],
  "findAllByRole": [Function],
  "findAllByTestId": [Function],
  "findAllByText": [Function],
  "findAllByTitle": [Function],
  "findByAltText": [Function],
  "findByDisplayValue": [Function],
  "findByLabelText": [Function],
  "findByPlaceholderText": [Function],
  "findByRole": [Function],
  "findByTestId": [Function],
  "findByText": [Function],
  "findByTitle": [Function],
  "getAllByAltText": [Function],
  "getAllByDisplayValue": [Function],
  "getAllByLabelText": [Function],
  "getAllByPlaceholderText": [Function],
  "getAllByRole": [Function],
  "getAllByTestId": [Function],
  "getAllByText": [Function],
  "getAllByTitle": [Function],
  "getByAltText": [Function],
  "getByDisplayValue": [Function],
  "getByLabelText": [Function],
  "getByPlaceholderText": [Function],
  "getByRole": [Function],
  "getByTestId": [Function],
  "getByText": [Function],
  "getByTitle": [Function],
  "queryAllByAltText": [Function],
  "queryAllByDisplayValue": [Function],
  "queryAllByLabelText": [Function],
  "queryAllByPlaceholderText": [Function],
  "queryAllByRole": [Function],
  "queryAllByTestId": [Function],
  "queryAllByText": [Function],
  "queryAllByTitle": [Function],
  "queryByAltText": [Function],
  "queryByDisplayValue": [Function],
  "queryByLabelText": [Function],
  "queryByPlaceholderText": [Function],
  "queryByRole": [Function],
  "queryByTestId": [Function],
  "queryByText": [Function],
  "queryByTitle": [Function],
  "rerender": [Function],
  "unmount": [Function],
}
`;
